  3s · hp100 stam33 L0 130.1m · fit≈-61
  23s · hp100 stam59 L0 721.4m · fit≈-78
  43s · hp100 stam47 L0 1299.9m · fit≈-81
  63s · hp100 stam100 L0 1790.2m · fit≈-81
  83s · hp100 stam43 L0 2302.4m · fit≈-84
  103s · hp100 stam49 L0 2870.1m · fit≈-87
  123s · hp108 stam54 L1 3455.7m · fit≈-80
  143s · hp116 stam47 L2 4053.4m · fit≈-64
  164s · hp116 stam44 L2 4639.5m · fit≈-34
  184s · hp116 stam53 L2 5222.1m · fit≈-38
  204s · hp116 stam59 L2 5773.9m · fit≈-42
  224s · hp116 stam34 L2 6329.6m · fit≈-46
  244s · hp101.2 stam27 L2 6862.2m · fit≈-49
  264s · hp116 stam53 L2 7424.6m · fit≈-53
  284s · hp128.6 stam47 L4 8025.3m · fit≈-1
  304s · hp132 stam47 L4 8591.1m · fit≈-3
  325s · hp140 stam53 L5 9042.9m · fit≈15
  346s · hp57.2 stam125 L5 9449.5m · fit≈12
  366s · hp140 stam35 L5 9887m · fit≈8
  386s · hp140 stam61 L5 10449.6m · fit≈-4
  406s · hp140 stam46 L5 11009m · fit≈-7
  426s · hp148 stam34 L6 11442.4m · fit≈-6
  446s · hp148 stam43 L6 11969.6m · fit≈-1
  467s · hp156 stam48 L7 12537.7m · fit≈21
  487s · hp156 stam36 L7 13125.3m · fit≈17
  507s · hp156 stam42 L7 13719.5m · fit≈-1
  527s · hp156 stam44 L7 14335.2m · fit≈-35
  547s · hp156 stam50 L7 14945.3m · fit≈-38
  567s · hp156 stam37 L7 15512.1m · fit≈-41
RUN GEN 52: DIED(fight) · fitness -87 · L7 · 1175xp · 1840s(sim) · 38.3xp/min · TIER 0 (0 trophies, best —s) · stage boss leg0 · side 6 · warns 0 · errs 0
  cause: the Leopard Legend · scars now {"fight":3,"neglect":0,"water":0}
