  3s · hp100 stam10 L0 103.7m · fit≈-60
  23s · hp100 stam22 L0 433.4m · fit≈-63
  43s · hp100 stam39 L0 880.1m · fit≈-66
  63s · hp100 stam40 L0 1425.8m · fit≈-68
  83s · hp108 stam80 L1 1917.9m · fit≈-73
  103s · hp108 stam69 L1 2357.1m · fit≈-76
  124s · hp108 stam105 L1 2875.7m · fit≈-80
  144s · hp108 stam43 L1 3237.9m · fit≈-92
  164s · hp108 stam41 L1 3746.3m · fit≈-94
  184s · hp108 stam71 L1 4272.8m · fit≈-113
  204s · hp108 stam41 L1 4837.5m · fit≈-130
  224s · hp86.7 stam52 L2 5354.4m · fit≈-116
  244s · hp116 stam44 L2 5921.6m · fit≈-120
  265s · hp116 stam47 L2 6464.4m · fit≈-123
  285s · hp83.1 stam24 L2 6924.3m · fit≈-126
  305s · hp116 stam73 L2 7269.5m · fit≈-128
  325s · hp116 stam58 L2 7785m · fit≈-131
  345s · hp116 stam43 L2 8243.5m · fit≈-274
  366s · hp111.4 stam37 L2 8726m · fit≈-135
  386s · hp116 stam46 L2 9232.7m · fit≈-137
  407s · hp104.6 stam72 L2 9694.6m · fit≈-140
  427s · hp116 stam34 L2 10173.3m · fit≈-143
  448s · hp14.7 stam12 L2 10626.1m · fit≈-146
  468s · hp116 stam78 L2 10909.9m · fit≈-148
  488s · hp116 stam98 L2 11367.6m · fit≈-149
  508s · hp112 stam71 L2 11905.1m · fit≈-152
  528s · hp116 stam43 L2 12411.1m · fit≈-155
  548s · hp116 stam110 L2 12938.7m · fit≈-158
  568s · hp124 stam55 L3 13382.1m · fit≈-124
  588s · hp122.9 stam52 L3 13869m · fit≈-125
  609s · hp124 stam47 L3 14285.7m · fit≈-128
  629s · hp124 stam41 L3 14808.9m · fit≈-130
  649s · hp106.3 stam60 L3 15296.3m · fit≈-133
  669s · hp124 stam48 L3 15821.1m · fit≈-136
  689s · hp124 stam56 L3 16354.2m · fit≈-138
  710s · hp140 stam62 L5 16890.7m · fit≈-58
  730s · hp140 stam39 L5 17439.3m · fit≈-58
  750s · hp148 stam52 L6 17963.5m · fit≈-68
  770s · hp148 stam29 L6 18521.2m · fit≈-71
  790s · hp19.9 stam22 L6 18962.3m · fit≈-73
  810s · hp148 stam59 L6 19245.7m · fit≈-76
  831s · hp148 stam41 L6 19817.5m · fit≈-79
  851s · hp148 stam54 L6 20338.6m · fit≈-82
  871s · hp148 stam48 L6 20913m · fit≈-70
  891s · hp148 stam45 L6 21472m · fit≈-73
RUN GEN 46: SURVIVED(cap) · fitness -74 · L6 · 957xp · 2667s(sim) · 21.5xp/min · TIER 0 (0 trophies, best —s) · stage prep leg0 · side 6 · warns 0 · errs 0
